[      59ms] [WARNING] The `integrity` attribute is currently ignored for preload destinations that do not support subresource integrity. See https://crbug.com/981419 for more information @ http://localhost:1420/:20
[   13094ms] [ERROR] Build failed: error from build pipeline

Caused by:
	0: HTML build pipeline failed (1 errors), showing first
	1: error from asset pipeline
	2: running cargo build
	3: error during cargo build execution
	4: cargo call to executable 'cargo' with args: '["build", "--target=wasm32-unknown-unknown", "--manifest-path", "/home/elis/Anotadinho/ui/Cargo.toml"]' returned a bad status: exit status: 101
 @ http://localhost:1420/:138
[   25774ms] [ERROR] Build failed: error from build pipeline

Caused by:
	0: HTML build pipeline failed (1 errors), showing first
	1: error from asset pipeline
	2: running cargo build
	3: error during cargo build execution
	4: cargo call to executable 'cargo' with args: '["build", "--target=wasm32-unknown-unknown", "--manifest-path", "/home/elis/Anotadinho/ui/Cargo.toml"]' returned a bad status: exit status: 101
 @ http://localhost:1420/:138
[   32894ms] [ERROR] Build failed: error from build pipeline

Caused by:
	0: HTML build pipeline failed (1 errors), showing first
	1: error from asset pipeline
	2: running cargo build
	3: error during cargo build execution
	4: cargo call to executable 'cargo' with args: '["build", "--target=wasm32-unknown-unknown", "--manifest-path", "/home/elis/Anotadinho/ui/Cargo.toml"]' returned a bad status: exit status: 101
 @ http://localhost:1420/:138
[   67530ms] [WARNING] The `integrity` attribute is currently ignored for preload destinations that do not support subresource integrity. See https://crbug.com/981419 for more information @ http://localhost:1420/:20
[   71413ms] [WARNING] The `integrity` attribute is currently ignored for preload destinations that do not support subresource integrity. See https://crbug.com/981419 for more information @ http://localhost:1420/:20
